=== 2026-08-12T07:56:02+01:00 ===
Stack not running (no containers found) — skipping.
=== 2026-08-12T08:01:32+01:00 ===
Stack not running (no containers found) — skipping.
=== 2026-08-12T08:06:37+01:00 ===
All containers running — nothing to do.
=== 2026-08-12T08:12:37+01:00 ===
All containers running — nothing to do.
=== 2026-08-12T08:18:37+01:00 ===
All containers running — nothing to do.
=== 2026-08-12T08:24:37+01:00 ===
All containers running — nothing to do.
=== 2026-08-12T08:30:37+01:00 ===
All containers running — nothing to do.
=== 2026-08-12T08:35:37+01:00 ===
All containers running — nothing to do.
=== 2026-08-12T08:41:37+01:00 ===
Stack not running (no containers found) — skipping.
=== 2026-08-12T08:47:37+01:00 ===
Stack not running (no containers found) — skipping.
=== 2026-08-12T08:53:37+01:00 ===
Stack not running (no containers found) — skipping.
=== 2026-08-12T08:59:37+01:00 ===
Stack not running (no containers found) — skipping.
=== 2026-08-12T09:31:36+01:00 ===
Stack not running (no containers found) — skipping.
=== 2026-08-12T09:37:36+01:00 ===
Stack not running (no containers found) — skipping.
=== 2026-08-12T09:43:36+01:00 ===
Stack not running (no containers found) — skipping.
=== 2026-08-12T09:49:39+01:00 ===
Stack not running (no containers found) — skipping.
=== 2026-08-12T09:55:36+01:00 ===
Stack not running (no containers found) — skipping.
=== 2026-08-12T10:25:54+01:00 ===
Stack not running (no containers found) — skipping.
=== 2026-08-12T10:31:54+01:00 ===
Stack not running (no containers found) — skipping.
=== 2026-08-12T10:37:54+01:00 ===
Stack not running (no containers found) — skipping.
=== 2026-08-12T11:04:03+01:00 ===
Stack not running (no containers found) — skipping.
=== 2026-08-12T11:10:03+01:00 ===
Stack not running (no containers found) — skipping.
=== 2026-08-12T11:16:03+01:00 ===
Stack not running (no containers found) — skipping.
=== 2026-08-12T11:22:03+01:00 ===
Stack not running (no containers found) — skipping.
=== 2026-08-12T11:28:03+01:00 ===
Stack not running (no containers found) — skipping.
=== 2026-08-12T11:34:03+01:00 ===
Stack not running (no containers found) — skipping.
=== 2026-08-12T11:40:03+01:00 ===
Stack not running (no containers found) — skipping.
=== 2026-08-12T11:46:03+01:00 ===
Stack not running (no containers found) — skipping.
=== 2026-08-12T11:52:03+01:00 ===
Stack not running (no containers found) — skipping.
=== 2026-08-12T11:58:03+01:00 ===
Stack not running (no containers found) — skipping.
=== 2026-08-12T12:04:03+01:00 ===
Stack not running (no containers found) — skipping.
=== 2026-08-12T12:10:03+01:00 ===
Stack not running (no containers found) — skipping.
=== 2026-08-12T12:16:03+01:00 ===
Stack not running (no containers found) — skipping.
=== 2026-08-12T12:22:03+01:00 ===
Stack not running (no containers found) — skipping.
=== 2026-08-12T12:28:03+01:00 ===
Stack not running (no containers found) — skipping.
=== 2026-08-12T12:34:03+01:00 ===
Stack not running (no containers found) — skipping.
=== 2026-08-12T12:40:03+01:00 ===
Stack not running (no containers found) — skipping.
=== 2026-08-12T12:46:03+01:00 ===
Stack not running (no containers found) — skipping.
=== 2026-08-12T12:52:03+01:00 ===
Stack not running (no containers found) — skipping.
=== 2026-08-12T12:58:03+01:00 ===
Stack not running (no containers found) — skipping.
=== 2026-08-12T13:04:03+01:00 ===
Stack not running (no containers found) — skipping.
=== 2026-08-12T13:10:03+01:00 ===
Stack not running (no containers found) — skipping.
=== 2026-08-12T13:16:03+01:00 ===
Stack not running (no containers found) — skipping.
=== 2026-08-12T13:22:03+01:00 ===
Stack not running (no containers found) — skipping.
=== 2026-08-12T14:01:51+01:00 ===
Stack not running (no containers found) — skipping.
=== 2026-08-12T14:07:51+01:00 ===
Stack not running (no containers found) — skipping.
=== 2026-08-12T14:13:51+01:00 ===
Stack not running (no containers found) — skipping.
=== 2026-08-12T14:19:51+01:00 ===
Stack not running (no containers found) — skipping.
=== 2026-08-12T14:25:51+01:00 ===
Stack not running (no containers found) — skipping.
=== 2026-08-12T14:31:51+01:00 ===
Stack not running (no containers found) — skipping.
=== 2026-08-12T14:37:51+01:00 ===
Stack not running (no containers found) — skipping.
=== 2026-08-12T14:43:51+01:00 ===
Stack not running (no containers found) — skipping.
=== 2026-08-12T14:49:51+01:00 ===
Stack not running (no containers found) — skipping.
=== 2026-08-12T14:55:51+01:00 ===
Stack not running (no containers found) — skipping.
=== 2026-08-12T15:01:51+01:00 ===
Stack not running (no containers found) — skipping.
=== 2026-08-12T15:07:51+01:00 ===
Stack not running (no containers found) — skipping.
=== 2026-08-12T15:13:51+01:00 ===
Stack not running (no containers found) — skipping.
=== 2026-08-12T15:19:51+01:00 ===
Stack not running (no containers found) — skipping.
=== 2026-08-12T15:25:51+01:00 ===
Stack not running (no containers found) — skipping.
=== 2026-08-12T15:31:51+01:00 ===
Stack not running (no containers found) — skipping.
=== 2026-08-12T15:37:51+01:00 ===
Stack not running (no containers found) — skipping.
=== 2026-08-12T15:43:51+01:00 ===
Stack not running (no containers found) — skipping.
=== 2026-08-12T15:49:51+01:00 ===
Stack not running (no containers found) — skipping.
=== 2026-08-12T15:55:51+01:00 ===
Stack not running (no containers found) — skipping.
=== 2026-08-12T16:01:51+01:00 ===
Stack not running (no containers found) — skipping.
=== 2026-08-12T16:07:51+01:00 ===
Stack not running (no containers found) — skipping.
=== 2026-08-12T16:13:51+01:00 ===
Stack not running (no containers found) — skipping.
=== 2026-08-12T16:19:51+01:00 ===
Stack not running (no containers found) — skipping.
=== 2026-08-12T16:25:51+01:00 ===
Stack not running (no containers found) — skipping.
=== 2026-08-12T16:31:51+01:00 ===
Stack not running (no containers found) — skipping.
=== 2026-08-12T16:56:03+01:00 ===
Stack not running (no containers found) — skipping.
=== 2026-08-12T17:02:03+01:00 ===
Stack not running (no containers found) — skipping.
=== 2026-08-12T17:08:03+01:00 ===
Stack not running (no containers found) — skipping.
=== 2026-08-12T17:14:03+01:00 ===
Stack not running (no containers found) — skipping.
=== 2026-08-12T17:20:03+01:00 ===
Stack not running (no containers found) — skipping.
=== 2026-08-12T17:29:34+01:00 ===
Stack not running (no containers found) — skipping.
=== 2026-08-12T17:35:34+01:00 ===
Stack not running (no containers found) — skipping.
=== 2026-08-12T17:41:34+01:00 ===
Stack not running (no containers found) — skipping.
=== 2026-08-12T17:47:34+01:00 ===
Stack not running (no containers found) — skipping.
=== 2026-08-12T17:53:34+01:00 ===
Stack not running (no containers found) — skipping.
=== 2026-08-12T17:59:34+01:00 ===
Stack not running (no containers found) — skipping.
=== 2026-08-12T18:05:34+01:00 ===
Stack not running (no containers found) — skipping.
=== 2026-08-12T18:14:16+01:00 ===
Stack not running (no containers found) — skipping.
=== 2026-08-12T18:20:16+01:00 ===
Stack not running (no containers found) — skipping.
=== 2026-08-12T18:26:16+01:00 ===
Stack not running (no containers found) — skipping.
=== 2026-08-12T18:32:16+01:00 ===
Stack not running (no containers found) — skipping.
=== 2026-08-12T18:38:16+01:00 ===
Stack not running (no containers found) — skipping.
=== 2026-08-12T18:44:16+01:00 ===
Stack not running (no containers found) — skipping.
=== 2026-08-12T18:50:16+01:00 ===
Stack not running (no containers found) — skipping.
=== 2026-08-12T18:56:16+01:00 ===
Stack not running (no containers found) — skipping.
=== 2026-08-12T19:01:21+01:00 ===
All containers running — nothing to do.
=== 2026-08-12T19:07:18+01:00 ===
All containers running — nothing to do.
=== 2026-08-12T19:13:16+01:00 ===
All containers running — nothing to do.
=== 2026-08-12T19:18:25+01:00 ===
All containers running — nothing to do.
=== 2026-08-12T19:36:11+01:00 ===
Stalled containers found:
grammarcetamol-certbot exited
grammarcetamol-nginx restarting
Running: docker compose up -d
 Image grammarcetamol/course-service:local Building 
 Image grammarcetamol/notification-service:local Building 
 Image grammarcetamol/enrollment-service:local Building 
 Image grammarcetamol/review-service:local Building 
 Image grammarcetamol/upload-service:local Building 
 Image grammarcetamol/payment-service:local Building 
 Image grammarcetamol/admin-frontend:local Building 
 Image grammarcetamol/student-frontend:local Building 
 Image grammarcetamol/auth-service:local Building 
 Image grammarcetamol/gateway-service:local Building 
#1 [internal] load local bake definitions
#1 reading from stdin 5.79kB done
#1 DONE 0.0s

#2 [enrollment-service internal] load build definition from Dockerfile
#2 transferring dockerfile: 30B 0.0s
#2 transferring dockerfile: 783B 0.1s done
#2 DONE 0.1s

#3 [review-service internal] load build definition from Dockerfile
#3 transferring dockerfile: 779B 0.1s done
#3 DONE 0.1s

#4 [course-service internal] load build definition from Dockerfile
#4 transferring dockerfile: 779B 0.1s done
#4 DONE 0.1s

#5 [auth-service internal] load build definition from Dockerfile
#5 transferring dockerfile: 1.38kB 0.1s done
#5 DONE 0.2s

#6 [gateway-service internal] load build definition from Dockerfile
#6 transferring dockerfile: 537B 0.1s done
#6 DONE 0.2s

#7 [gateway-service internal] load metadata for docker.io/library/eclipse-temurin:21-jre
#7 ...

#8 [notification-service internal] load build definition from Dockerfile
#8 transferring dockerfile: 346B 0.1s done
#8 DONE 0.2s

#9 [payment-service internal] load build definition from Dockerfile
#9 transferring dockerfile: 515B 0.1s done
#9 DONE 0.2s

#10 [upload-service internal] load build definition from Dockerfile
#10 transferring dockerfile: 514B 0.2s done
#10 DONE 0.2s

#11 [student-frontend internal] load build definition from Dockerfile
#11 transferring dockerfile: 1.86kB 0.2s done
#11 DONE 0.2s

#12 [admin-frontend internal] load build definition from Dockerfile
#12 transferring dockerfile: 1.84kB 0.2s done
#12 DONE 0.2s

#13 [admin-frontend internal] load metadata for docker.io/library/node:20-alpine
#13 DONE 1.5s

#14 [enrollment-service internal] load metadata for docker.io/library/eclipse-temurin:21-jdk
#14 DONE 1.5s

#15 [admin-frontend internal] load .dockerignore
#15 transferring context: 96B 0.0s done
#15 DONE 0.0s

#16 [admin-frontend internal] load build context
#16 DONE 0.0s

#17 [student-frontend internal] load build context
#17 DONE 0.0s

#18 [admin-frontend builder 1/9] FROM docker.io/library/node:20-alpine@sha256:fb4cd12c85ee03686f6af5362a0b0d56d50c58a04632e6c0fb8363f609372293
#18 resolve docker.io/library/node:20-alpine@sha256:fb4cd12c85ee03686f6af5362a0b0d56d50c58a04632e6c0fb8363f609372293
#18 resolve docker.io/library/node:20-alpine@sha256:fb4cd12c85ee03686f6af5362a0b0d56d50c58a04632e6c0fb8363f609372293 0.0s done
#18 DONE 0.0s

#19 [payment-service internal] load .dockerignore
#19 transferring context: 69B 0.1s done
#19 DONE 0.1s

#20 [notification-service internal] load .dockerignore
#20 transferring context: 69B 0.1s done
#20 DONE 0.1s

#21 [upload-service internal] load .dockerignore
#21 transferring context: 69B 0.1s done
#21 DONE 0.1s

#22 [upload-service internal] load build context
#22 ...

#7 [review-service internal] load metadata for docker.io/library/eclipse-temurin:21-jre
#7 DONE 1.8s

#23 [auth-service internal] load .dockerignore
#23 transferring context: 91B 0.0s done
#23 DONE 0.1s

#22 [upload-service internal] load build context
#22 ...

#24 [enrollment-service internal] load build context
#24 DONE 0.0s

#25 [auth-service internal] load build context
#25 DONE 0.0s

#26 [course-service internal] load build context
#26 DONE 0.0s

#27 [gateway-service internal] load build context
#27 DONE 0.0s

#28 [review-service internal] load build context
#28 DONE 0.0s

#29 [auth-service stage-1 1/4] FROM docker.io/library/eclipse-temurin:21-jre@sha256:8cef5fc7bebe421363ab543a2f4db5caf7d119d8db67d56b0f56c485d2de4d55
#29 resolve docker.io/library/eclipse-temurin:21-jre@sha256:8cef5fc7bebe421363ab543a2f4db5caf7d119d8db67d56b0f56c485d2de4d55 0.1s done
#29 DONE 0.1s

#30 [enrollment-service builder 1/8] FROM docker.io/library/eclipse-temurin:21-jdk@sha256:efd34b940f2d5a621605c8531c2afb7759c936b6c2ef637a69aa3bf3e1e789d1
#30 resolve docker.io/library/eclipse-temurin:21-jdk@sha256:efd34b940f2d5a621605c8531c2afb7759c936b6c2ef637a69aa3bf3e1e789d1 0.1s done
#30 DONE 0.1s

#22 [upload-service internal] load build context
#22 transferring context: 2.03kB 2.1s done
#22 DONE 2.2s

#31 [upload-service builder 4/6] RUN npm ci
#31 CACHED

#32 [upload-service stage-1 5/6] COPY --from=builder /app/dist ./dist
#32 CACHED

#33 [upload-service stage-1 2/4] WORKDIR /app
#33 CACHED

#34 [upload-service builder 3/6] COPY package*.json ./
#34 CACHED

#35 [upload-service builder 5/6] COPY . .
#35 CACHED

#36 [upload-service builder 6/6] RUN npm run build
#36 CACHED

#37 [upload-service stage-1 4/6] RUN npm ci --omit=dev
#37 CACHED

#38 [upload-service stage-1 6/6] COPY db/ ./db/
#38 CACHED

#39 [upload-service] exporting to image
#39 exporting layers
#39 ...

#40 [payment-service internal] load build context
#40 transferring context: 2.24kB 2.2s done
#40 DONE 2.2s

#41 [payment-service builder 6/6] RUN npm run build
#41 CACHED

#33 [payment-service stage-1 2/4] WORKDIR /app
#33 CACHED

#42 [payment-service builder 3/6] COPY package*.json ./
#42 CACHED

#43 [payment-service stage-1 5/6] COPY --from=builder /app/dist ./dist
#43 CACHED

#44 [payment-service builder 5/6] COPY . .
#44 CACHED

#45 [payment-service stage-1 4/6] RUN npm ci --omit=dev
#45 CACHED

#46 [payment-service builder 4/6] RUN npm ci
#46 CACHED

#47 [payment-service stage-1 6/6] COPY db/ ./db/
#47 CACHED

#39 [upload-service] exporting to image
#39 exporting layers 0.0s done
#39 exporting manifest sha256:d03636b802b449502753c62af00fd4a7af89cbfa7e7364470743662766aaabee 0.0s done
#39 exporting config sha256:2ab5c09bf7e605a661f361faba38d18b872d8805ff5e8185fc621c617506afaf 0.0s done
#39 exporting attestation manifest sha256:6a7ec4442c1001b2131baaca2f55ee20d5011aafc3ddceee8478b7b1154009b6 0.1s done
#39 exporting manifest list sha256:cd6aa07fb7095dabcbf452660b4fd043cfab91315a95d8639aff146162be9a2d 0.1s done
#39 naming to docker.io/grammarcetamol/upload-service:local
#39 naming to docker.io/grammarcetamol/upload-service:local 0.0s done
#39 unpacking to docker.io/grammarcetamol/upload-service:local
#39 ...

#48 [payment-service] exporting to image
#48 exporting layers 0.0s done
#48 exporting manifest sha256:cc0fd6553f80628b80612eee10983505f0e017ad6b378e116a7869335c8d4c47 0.0s done
#48 exporting config sha256:1196f9239cebeda8cb4cb79b6e91aa7573e12a2121e49c1458f7993c094281b3 done
#48 exporting attestation manifest sha256:f276773af1070b924a829116c0716d87236725b52949bc6e399977df00ce06d6 0.0s done
#48 exporting manifest list sha256:0c3b047c083f68e0427277330f92005aec0df830b90d1d4b12bf670482e2c3f6 0.1s done
#48 naming to docker.io/grammarcetamol/payment-service:local done
#48 unpacking to docker.io/grammarcetamol/payment-service:local 0.1s done
#48 DONE 0.4s

#39 [upload-service] exporting to image
#39 unpacking to docker.io/grammarcetamol/upload-service:local 0.1s done
#39 DONE 0.6s

#27 [gateway-service internal] load build context
#27 transferring context: 40.11kB 2.0s done
#27 DONE 2.4s

#49 [gateway-service builder 2/8] RUN apt-get update && apt-get install -y --no-install-recommends maven     && rm -rf /var/lib/apt/lists/*
#49 CACHED

#50 [gateway-service stage-1 2/4] RUN apt-get update && apt-get install -y --no-install-recommends curl     && rm -rf /var/lib/apt/lists/*
#50 CACHED

#51 [gateway-service stage-1 3/4] WORKDIR /app
#51 CACHED

#52 [gateway-service builder 3/5] WORKDIR /app
#52 CACHED

#53 [gateway-service builder 4/5] COPY gateway-service/ .
#53 CACHED

#54 [gateway-service builder 5/5] RUN mvn -B clean package -DskipTests
#54 CACHED

#55 [gateway-service stage-1 4/4] COPY --from=builder /app/target/*.jar app.jar
#55 CACHED

#28 [review-service internal] load build context
#28 ...

#56 [notification-service internal] load build context
#56 transferring context: 4.44kB 3.5s done
#56 DONE 3.6s

#57 [notification-service stage-1 4/5] RUN npm ci --omit=dev
#57 CACHED

#58 [notification-service builder 4/6] RUN npm ci
#58 CACHED

#59 [notification-service builder 6/6] RUN npm run build
#59 CACHED

#33 [notification-service stage-1 2/4] WORKDIR /app
#33 CACHED

#60 [notification-service builder 5/6] COPY . .
#60 CACHED

#61 [notification-service builder 3/6] COPY package*.json ./
#61 CACHED

#62 [notification-service stage-1 5/5] COPY --from=builder /app/dist ./dist
#62 CACHED

#28 [review-service internal] load build context
#28 transferring context: 49.93kB 3.1s done
#28 DONE 3.4s

#63 [gateway-service] exporting to image
#63 exporting layers 0.2s done
#63 exporting manifest sha256:349653a62b3d66bb5d73d8913d301f74f3eac83a87c86a0eb7566190563690f6 0.0s done
#63 exporting config sha256:893b887a59e7089c1bed2c8cca78718076507e394b020394302496555d0635be 0.0s done
#63 exporting attestation manifest sha256:f967b60ef149da6faca229e9a8f86eb9a2c88136e36b4ded38a03f84f5071576 0.1s done
#63 exporting manifest list sha256:530dbd31baaf64e0e7e490f5bfdaf03e04ba33aadf19b3a0d141e5140902535c 0.1s done
#63 naming to docker.io/grammarcetamol/gateway-service:local done
#63 unpacking to docker.io/grammarcetamol/gateway-service:local 0.1s done
#63 DONE 0.8s

#24 [enrollment-service internal] load build context
#24 transferring context: 96.13kB 3.0s done
#24 DONE 3.4s

#64 [payment-service] resolving provenance for metadata file
#64 DONE 0.1s

#65 [upload-service] resolving provenance for metadata file
#65 DONE 0.0s

#66 [notification-service] exporting to image
#66 exporting layers 0.0s done
#66 exporting manifest sha256:328d8bd9f56cc6b2c30a61e929964d4d1b9ad64b46b45e568786e2bffd88a99d done
#66 exporting config sha256:90844123ffd5fe914878fceded816ac18f90d86618bbb9f78a870830f0255201 done
#66 exporting attestation manifest sha256:62af6b2eff83f471ca8b68e041f524d23c3e34c2411519acb9e118cac16b7769
#66 ...

#67 [enrollment-service builder 4/8] COPY shared-java/ shared-java/
#67 CACHED

#68 [enrollment-service builder 6/8] WORKDIR /app
#68 CACHED

#69 [enrollment-service builder 5/8] RUN mvn -B -f shared-java/pom.xml install -DskipTests
#69 CACHED

#70 [enrollment-service builder 7/8] COPY enrollment-service/ .
#70 CACHED

#71 [enrollment-service builder 8/8] RUN mvn -B clean package -DskipTests
#71 CACHED

#72 [enrollment-service stage-1 4/4] COPY --from=builder /app/target/*.jar app.jar
#72 CACHED

#51 [review-service stage-1 3/4] WORKDIR /app
#51 CACHED

#73 [review-service builder 8/8] RUN mvn -B clean package -DskipTests
#73 CACHED

#74 [review-service builder 4/8] COPY shared-java/ shared-java/
#74 CACHED

#75 [review-service builder 3/8] WORKDIR /build
#75 CACHED

#76 [review-service builder 6/8] WORKDIR /app
#76 CACHED

#50 [review-service stage-1 2/4] RUN apt-get update && apt-get install -y --no-install-recommends curl     && rm -rf /var/lib/apt/lists/*
#50 CACHED

#77 [review-service builder 7/8] COPY review-service/ .
#77 CACHED

#49 [review-service builder 2/8] RUN apt-get update && apt-get install -y --no-install-recommends maven     && rm -rf /var/lib/apt/lists/*
#49 CACHED

#78 [review-service builder 5/8] RUN mvn -B -f shared-java/pom.xml install -DskipTests
#78 CACHED

#79 [review-service stage-1 4/4] COPY --from=builder /app/target/*.jar app.jar
#79 CACHED

#17 [student-frontend internal] load build context
#17 transferring context: 752.94kB 3.9s done
#17 DONE 3.9s

#16 [admin-frontend internal] load build context
#16 transferring context: 770.20kB 3.9s done
#16 DONE 3.9s

#66 [notification-service] exporting to image
#66 exporting attestation manifest sha256:62af6b2eff83f471ca8b68e041f524d23c3e34c2411519acb9e118cac16b7769 0.1s done
#66 exporting manifest list sha256:53a72a7814a9c81349db9af696c69fdd81f4a57754920003a86a7d595c4459ce 0.0s done
#66 naming to docker.io/grammarcetamol/notification-service:local done
#66 unpacking to docker.io/grammarcetamol/notification-service:local
#66 unpacking to docker.io/grammarcetamol/notification-service:local 0.0s done
#66 DONE 0.4s

#80 [student-frontend builder 4/9] COPY student/ student/
#80 CACHED

#81 [student-frontend builder 7/9] WORKDIR /workspace/student
#81 CACHED

#82 [student-frontend builder 6/9] RUN npm ci
#82 CACHED

#83 [student-frontend builder 5/9] WORKDIR /workspace/utilities
#83 CACHED

#84 [student-frontend builder 8/9] RUN npm ci
#84 CACHED

#85 [student-frontend builder 9/9] RUN npm run build
#85 CACHED

#86 [student-frontend stage-1 3/4] COPY --from=builder /workspace/student/.next/standalone/student ./
#86 CACHED

#87 [student-frontend builder 3/9] COPY utilities/ utilities/
#87 CACHED

#88 [student-frontend stage-1 4/4] COPY --from=builder /workspace/student/.next/static ./.next/static
#88 CACHED

#89 [admin-frontend builder 8/9] RUN npm ci
#89 CACHED

#90 [admin-frontend builder 4/9] COPY admin/ admin/
#90 CACHED

#91 [admin-frontend builder 5/9] WORKDIR /workspace/utilities
#91 CACHED

#92 [admin-frontend builder 3/9] COPY utilities/ utilities/
#92 CACHED

#93 [admin-frontend builder 2/9] WORKDIR /workspace
#93 CACHED

#94 [admin-frontend stage-1 3/4] COPY --from=builder /workspace/admin/.next/standalone/admin ./
#94 CACHED

#95 [admin-frontend builder 7/9] WORKDIR /workspace/admin
#95 CACHED

#96 [admin-frontend builder 9/9] RUN npm run build
#96 CACHED

#33 [admin-frontend stage-1 2/4] WORKDIR /app
#33 CACHED

#97 [admin-frontend builder 6/9] RUN npm ci
#97 CACHED

#98 [admin-frontend stage-1 4/4] COPY --from=builder /workspace/admin/.next/static ./.next/static
#98 CACHED

#99 [student-frontend] exporting to image
#99 exporting layers done
#99 exporting manifest sha256:969ab9fe0f4e3ca7987a6f95f95aadc30c8b7619223a7af2cef1e5e00c970577 0.0s done
#99 exporting config sha256:36ad46400eac3248c1c7afe1c0875079e08b817e94a9e72069c5a76bd9e04d40 0.0s done
#99 ...

#25 [auth-service internal] load build context
#25 transferring context: 136.66kB 3.5s done
#25 DONE 3.7s

#100 [auth-service builder 2/6] RUN apt-get update && apt-get install -y --no-install-recommends maven openssl     && rm -rf /var/lib/apt/lists/*
#100 CACHED

#101 [auth-service builder 3/6] WORKDIR /app
#101 CACHED

#102 [auth-service builder 6/6] RUN mvn -B clean package -DskipTests
#102 CACHED

#103 [auth-service builder 5/6] RUN mkdir -p src/main/resources/keys &&     if [ ! -f src/main/resources/keys/private.pem ]; then       openssl genrsa -out src/main/resources/keys/private.pem 2048 &&       openssl rsa -in src/main/resources/keys/private.pem -pubout -out src/main/resources/keys/public.pem;     fi
#103 CACHED

#104 [auth-service builder 4/6] COPY auth-service/ .
#104 CACHED

#105 [auth-service stage-1 4/4] COPY --from=builder /app/target/*.jar app.jar
#105 CACHED

#26 [course-service internal] load build context
#26 transferring context: 112.48kB 3.4s done
#26 DONE 3.9s

#75 [course-service builder 3/8] WORKDIR /build
#75 CACHED

#106 [course-service builder 7/8] COPY course-service/ .
#106 CACHED

#107 [course-service builder 8/8] RUN mvn -B clean package -DskipTests
#107 CACHED

#50 [course-service stage-1 2/4] RUN apt-get update && apt-get install -y --no-install-recommends curl     && rm -rf /var/lib/apt/lists/*
#50 CACHED

#51 [course-service stage-1 3/4] WORKDIR /app
#51 CACHED

#49 [course-service builder 2/8] RUN apt-get update && apt-get install -y --no-install-recommends maven     && rm -rf /var/lib/apt/lists/*
#49 CACHED

#108 [course-service builder 4/8] COPY shared-java/ shared-java/
#108 CACHED

#109 [course-service builder 5/8] RUN mvn -B -f shared-java/pom.xml install -DskipTests
#109 CACHED

#110 [course-service builder 6/8] WORKDIR /app
#110 CACHED

#111 [course-service stage-1 4/4] COPY --from=builder /app/target/*.jar app.jar
#111 CACHED

#112 [auth-service] exporting to image
#112 exporting layers done
#112 exporting manifest sha256:231267113e41f4e594cba1056b38639454cab718fb47d2aa92e8dcbd645cbb0c
#112 ...

#113 [enrollment-service] exporting to image
#113 exporting layers done
#113 exporting manifest sha256:c9e691eed8e6ada6cb3767d1365c2dd833d446a38e4621d7a136b6c12697e1ab done
#113 exporting config sha256:02493dba2bd01f6f3495d27df07a61d1bb5a9dd83cde01295ed6fba33bba21f7 done
#113 exporting attestation manifest sha256:dd1b27737d9e0cf45d877e18e8ae3456f9accf7bfa41f89ef2e315d3c9fb0f9b 0.1s done
#113 exporting manifest list sha256:6ea592007888a472db607e51a701f161c3d71b52a71af829bece37b18b487839 0.1s done
#113 naming to docker.io/grammarcetamol/enrollment-service:local 0.1s done
#113 unpacking to docker.io/grammarcetamol/enrollment-service:local 0.4s done
#113 DONE 0.8s

#114 [review-service] exporting to image
#114 exporting layers done
#114 exporting manifest sha256:7e883fe35d066edb658b57285df633f82da218e1dcfd7fb34864b8dcf3247717 done
#114 exporting config sha256:2d8fea0081c9af80dc62ec0c8f998fbc7e5ee51862bee837557e1bca04bcc1fb 0.0s done
#114 exporting attestation manifest sha256:28b6be70daf57ab4d9e163374e1229269a764b8ed0a0bb5472ac008e6080d904 0.1s done
#114 exporting manifest list sha256:8308951889bf9d8b7118edeee08e7f09adc6791d6a86e91fa21be55b5044c219 0.1s done
#114 naming to docker.io/grammarcetamol/review-service:local 0.1s done
#114 unpacking to docker.io/grammarcetamol/review-service:local 0.4s done
#114 DONE 0.8s

#112 [auth-service] exporting to image
#112 exporting manifest sha256:231267113e41f4e594cba1056b38639454cab718fb47d2aa92e8dcbd645cbb0c 0.4s done
#112 exporting config sha256:56c731cd51cb9d815331d53676d5de5ff933fb7ffbde4351ba881e7cc0aa79be 0.0s done
#112 exporting attestation manifest sha256:1094b7d2a4193d903403e10d2e53ed3f85f2224d8cc131f2e3fc013d673d80fb
#112 exporting attestation manifest sha256:1094b7d2a4193d903403e10d2e53ed3f85f2224d8cc131f2e3fc013d673d80fb 0.1s done
#112 exporting manifest list sha256:f23fdee8a588e900d8d28a97d97d8ae6f83c2bbc0a181882f05e93e52ce672ec
#112 ...

#99 [student-frontend] exporting to image
#99 exporting attestation manifest sha256:7e3b8895de70f91803c0caeff6f8fd5fcc528ab417460e4598ace97c56b19406 0.5s done
#99 exporting manifest list sha256:20c9f33285ad7183bf9936906175a9a6a0449f344d98dde631ad678623b2eaad 0.1s done
#99 naming to docker.io/grammarcetamol/student-frontend:local 0.1s done
#99 unpacking to docker.io/grammarcetamol/student-frontend:local 0.1s done
#99 DONE 0.9s

#115 [admin-frontend] exporting to image
#115 exporting layers done
#115 exporting manifest sha256:fff5b6757031f0eda61f3c0cc6136b1bb2da31fb29f50559eabf969b4fd4ed55 done
#115 exporting config sha256:dab2cd1c4fa4deb09e0675a0202a5246acc2826f5964468866afded1a71c154d 0.0s done
#115 exporting attestation manifest sha256:7532bcba115459b4507b1b3294f43f65d443bb544f9fe5889128c81a59f86cb8 0.5s done
#115 exporting manifest list sha256:f6d95629815e28a5cb6ca0ea2a426be9c8e1f792ce630b594c08987f49fa3318 0.1s done
#115 naming to docker.io/grammarcetamol/admin-frontend:local 0.1s done
#115 unpacking to docker.io/grammarcetamol/admin-frontend:local 0.1s done
#115 DONE 0.9s

#112 [auth-service] exporting to image
#112 exporting manifest list sha256:f23fdee8a588e900d8d28a97d97d8ae6f83c2bbc0a181882f05e93e52ce672ec 0.0s done
#112 naming to docker.io/grammarcetamol/auth-service:local 0.0s done
#112 unpacking to docker.io/grammarcetamol/auth-service:local 0.0s done
#112 DONE 0.8s

#116 [course-service] exporting to image
#116 exporting layers done
#116 exporting manifest sha256:a3147d671b2545cee60c3cd73c8f5211bf14824d348a5872e96b946c950f02dd 0.3s done
#116 exporting config sha256:ad291d6e1143f6dd5e72533ba7278ef8089a576c91f5b333879f9e8edf2f37c7 0.0s done
#116 exporting attestation manifest sha256:f3e63bdafab3ba9bd2909b0607707e6bffe320b4a1a28f9cc8efa3a145560c00 0.1s done
#116 exporting manifest list sha256:04bcb16b7be53931c055d2b97cd67e89d9042d122eb6a25d05a15bcd73b73b2d 0.0s done
#116 naming to docker.io/grammarcetamol/course-service:local 0.0s done
#116 unpacking to docker.io/grammarcetamol/course-service:local 0.1s done
#116 DONE 0.8s

#117 [notification-service] resolving provenance for metadata file
#117 ...

#118 [gateway-service] resolving provenance for metadata file
#118 DONE 1.4s

#119 [admin-frontend] resolving provenance for metadata file
#119 DONE 0.3s

#120 [auth-service] resolving provenance for metadata file
#120 DONE 1.2s

#121 [enrollment-service] resolving provenance for metadata file
#121 DONE 0.7s

#117 [notification-service] resolving provenance for metadata file
#117 DONE 1.3s

#122 [review-service] resolving provenance for metadata file
#122 DONE 1.2s

#123 [student-frontend] resolving provenance for metadata file
#123 DONE 0.1s

#124 [course-service] resolving provenance for metadata file
#124 DONE 0.0s
 Image grammarcetamol/upload-service:local Built 
 Image grammarcetamol/gateway-service:local Built 
 Image grammarcetamol/course-service:local Built 
 Image grammarcetamol/notification-service:local Built 
 Image grammarcetamol/admin-frontend:local Built 
 Image grammarcetamol/auth-service:local Built 
 Image grammarcetamol/review-service:local Built 
 Image grammarcetamol/enrollment-service:local Built 
 Image grammarcetamol/payment-service:local Built 
 Image grammarcetamol/student-frontend:local Built 
 Container grammarcetamol-review-service-1 Running 
 Container grammarcetamol-admin-frontend Running 
 Container grammarcetamol-gateway-service Running 
 Container grammarcetamol-enrollment-service-1 Running 
 Container grammarcetamol-student-frontend Running 
 Container grammarcetamol-postgres Running 
 Container grammarcetamol-auth-service-1 Running 
 Container grammarcetamol-upload-service-1 Running 
 Container grammarcetamol-minio Running 
 Container grammarcetamol-mongo Running 
 Container grammarcetamol-payment-service-1 Running 
 Container grammarcetamol-notification-service-1 Running 
 Container grammarcetamol-redis Running 
 Container grammarcetamol-rabbitmq Running 
 Container grammarcetamol-course-service-1 Running 
 Container grammarcetamol-certbot Recreate 
 Container grammarcetamol-certbot Recreated 
 Container grammarcetamol-rabbitmq Waiting 
 Container grammarcetamol-mongo Waiting 
 Container grammarcetamol-postgres Waiting 
 Container grammarcetamol-rabbitmq Waiting 
 Container grammarcetamol-redis Waiting 
 Container grammarcetamol-rabbitmq Waiting 
 Container grammarcetamol-postgres Waiting 
 Container grammarcetamol-nginx Starting 
 Container grammarcetamol-redis Waiting 
 Container grammarcetamol-postgres Waiting 
 Container grammarcetamol-rabbitmq Waiting 
 Container grammarcetamol-minio Waiting 
 Container grammarcetamol-certbot Starting 
 Container grammarcetamol-postgres Waiting 
 Container grammarcetamol-nginx Started 
 Container grammarcetamol-postgres Waiting 
 Container grammarcetamol-rabbitmq Waiting 
 Container grammarcetamol-rabbitmq Waiting 
 Container grammarcetamol-postgres Waiting 
 Container grammarcetamol-certbot Started 
 Container grammarcetamol-mongo Healthy 
 Container grammarcetamol-rabbitmq Healthy 
 Container grammarcetamol-rabbitmq Healthy 
 Container grammarcetamol-postgres Healthy 
 Container grammarcetamol-redis Healthy 
 Container grammarcetamol-postgres Healthy 
 Container grammarcetamol-rabbitmq Healthy 
 Container grammarcetamol-rabbitmq Healthy 
 Container grammarcetamol-postgres Healthy 
 Container grammarcetamol-postgres Healthy 
 Container grammarcetamol-redis Healthy 
 Container grammarcetamol-rabbitmq Healthy 
 Container grammarcetamol-minio Healthy 
 Container grammarcetamol-rabbitmq Healthy 
 Container grammarcetamol-postgres Healthy 
 Container grammarcetamol-postgres Healthy 
 Container grammarcetamol-gateway-service Waiting 
 Container grammarcetamol-gateway-service Waiting 
 Container grammarcetamol-gateway-service Healthy 
 Container grammarcetamol-gateway-service Healthy 
Done.
=== 2026-08-12T19:41:24+01:00 ===
Stalled containers found:
grammarcetamol-certbot exited
grammarcetamol-nginx restarting
Running: docker compose up -d
 Image grammarcetamol/upload-service:local Building 
 Image grammarcetamol/gateway-service:local Building 
 Image grammarcetamol/payment-service:local Building 
 Image grammarcetamol/review-service:local Building 
 Image grammarcetamol/auth-service:local Building 
 Image grammarcetamol/enrollment-service:local Building 
 Image grammarcetamol/notification-service:local Building 
 Image grammarcetamol/student-frontend:local Building 
 Image grammarcetamol/admin-frontend:local Building 
 Image grammarcetamol/course-service:local Building 
#1 [internal] load local bake definitions
#1 reading from stdin 5.79kB 0.0s done
#1 DONE 0.0s

#2 [course-service internal] load build definition from Dockerfile
#2 transferring dockerfile: 779B 0.1s done
#2 DONE 0.1s

#3 [enrollment-service internal] load build definition from Dockerfile
#3 transferring dockerfile: 783B 0.1s done
#3 DONE 0.1s

#4 [enrollment-service internal] load metadata for docker.io/library/eclipse-temurin:21-jre
#4 ...

#5 [gateway-service internal] load build definition from Dockerfile
#5 transferring dockerfile: 537B 0.1s done
#5 DONE 0.1s

#6 [review-service internal] load build definition from Dockerfile
#6 transferring dockerfile: 779B 0.1s done
#6 DONE 0.1s

#7 [auth-service internal] load build definition from Dockerfile
#7 transferring dockerfile: 1.38kB 0.1s done
#7 DONE 0.1s

#8 [payment-service internal] load build definition from Dockerfile
#8 transferring dockerfile: 515B 0.1s done
#8 DONE 0.1s

#9 [upload-service internal] load build definition from Dockerfile
#9 transferring dockerfile: 514B 0.1s done
#9 DONE 0.2s

#10 [notification-service internal] load build definition from Dockerfile
#10 transferring dockerfile: 346B 0.1s done
#10 DONE 0.2s

#11 [student-frontend internal] load build definition from Dockerfile
#11 transferring dockerfile: 1.86kB 0.2s done
#11 DONE 0.2s

#4 [auth-service internal] load metadata for docker.io/library/eclipse-temurin:21-jre
#4 ...

#12 [admin-frontend internal] load build definition from Dockerfile
#12 transferring dockerfile: 1.84kB 0.2s done
#12 DONE 0.2s

#13 [admin-frontend internal] load metadata for docker.io/library/node:20-alpine
#13 DONE 1.5s

#4 [review-service internal] load metadata for docker.io/library/eclipse-temurin:21-jre
#4 DONE 1.6s

#14 [admin-frontend internal] load .dockerignore
#14 transferring context: 96B 0.0s done
#14 DONE 0.0s

#15 [gateway-service internal] load metadata for docker.io/library/eclipse-temurin:21-jdk
#15 DONE 1.6s

#16 [admin-frontend internal] load build context
#16 DONE 0.0s

#17 [student-frontend internal] load build context
#17 DONE 0.0s

#18 [notification-service internal] load .dockerignore
#18 transferring context: 69B 0.1s done
#18 DONE 0.1s

#19 [notification-service internal] load build context
#19 DONE 0.0s

#20 [payment-service internal] load .dockerignore
#20 transferring context: 69B 0.1s done
#20 DONE 0.1s

#21 [upload-service internal] load .dockerignore
#21 transferring context: 69B 0.1s done
#21 DONE 0.1s

#22 [payment-service builder 1/9] FROM docker.io/library/node:20-alpine@sha256:fb4cd12c85ee03686f6af5362a0b0d56d50c58a04632e6c0fb8363f609372293
#22 resolve docker.io/library/node:20-alpine@sha256:fb4cd12c85ee03686f6af5362a0b0d56d50c58a04632e6c0fb8363f609372293 0.0s done
#22 DONE 0.0s

#23 [auth-service internal] load .dockerignore
#23 transferring context: 91B 0.0s done
#23 DONE 0.1s

#24 [payment-service internal] load build context
#24 ...

#22 [upload-service builder 1/9] FROM docker.io/library/node:20-alpine@sha256:fb4cd12c85ee03686f6af5362a0b0d56d50c58a04632e6c0fb8363f609372293
#22 resolve docker.io/library/node:20-alpine@sha256:fb4cd12c85ee03686f6af5362a0b0d56d50c58a04632e6c0fb8363f609372293 0.0s done
#22 DONE 0.0s

#25 [auth-service stage-1 1/4] FROM docker.io/library/eclipse-temurin:21-jre@sha256:8cef5fc7bebe421363ab543a2f4db5caf7d119d8db67d56b0f56c485d2de4d55
#25 resolve docker.io/library/eclipse-temurin:21-jre@sha256:8cef5fc7bebe421363ab543a2f4db5caf7d119d8db67d56b0f56c485d2de4d55 0.0s done
#25 DONE 0.0s

#26 [enrollment-service builder 1/8] FROM docker.io/library/eclipse-temurin:21-jdk@sha256:efd34b940f2d5a621605c8531c2afb7759c936b6c2ef637a69aa3bf3e1e789d1
#26 resolve docker.io/library/eclipse-temurin:21-jdk@sha256:efd34b940f2d5a621605c8531c2afb7759c936b6c2ef637a69aa3bf3e1e789d1 0.0s done
#26 DONE 0.0s

#24 [payment-service internal] load build context
#24 ...

#27 [upload-service internal] load build context
#27 transferring context: 2.03kB 0.7s done
#27 DONE 0.7s

#24 [payment-service internal] load build context
#24 transferring context: 2.24kB 0.8s done
#24 DONE 0.8s

#28 [upload-service stage-1 5/6] COPY --from=builder /app/dist ./dist
#28 CACHED

#29 [upload-service builder 3/6] COPY package*.json ./
#29 CACHED

#30 [upload-service builder 4/6] RUN npm ci
#30 CACHED

#31 [upload-service stage-1 4/6] RUN npm ci --omit=dev
#31 CACHED

#32 [upload-service builder 6/6] RUN npm run build
#32 CACHED

#33 [upload-service builder 5/6] COPY . .
#33 CACHED

#34 [upload-service stage-1 6/6] COPY db/ ./db/
#34 CACHED

#35 [gateway-service internal] load build context
#35 transferring context: 40.11kB 0.7s done
#35 DONE 0.8s

#36 [payment-service builder 4/6] RUN npm ci
#36 CACHED

#37 [payment-service stage-1 5/6] COPY --from=builder /app/dist ./dist
#37 CACHED

#38 [payment-service stage-1 4/6] RUN npm ci --omit=dev
#38 CACHED

#39 [payment-service builder 5/6] COPY . .
#39 CACHED

#40 [payment-service stage-1 2/4] WORKDIR /app
#40 CACHED

#41 [payment-service builder 3/6] COPY package*.json ./
#41 CACHED

#42 [payment-service builder 6/6] RUN npm run build
#42 CACHED

#43 [payment-service stage-1 6/6] COPY db/ ./db/
#43 CACHED

#44 [gateway-service stage-1 2/4] RUN apt-get update && apt-get install -y --no-install-recommends curl     && rm -rf /var/lib/apt/lists/*
#44 CACHED

#45 [gateway-service builder 2/8] RUN apt-get update && apt-get install -y --no-install-recommends maven     && rm -rf /var/lib/apt/lists/*
#45 CACHED

#46 [gateway-service builder 3/5] WORKDIR /app
#46 CACHED

#47 [gateway-service stage-1 3/4] WORKDIR /app
#47 CACHED

#48 [gateway-service builder 4/5] COPY gateway-service/ .
#48 CACHED

#49 [gateway-service builder 5/5] RUN mvn -B clean package -DskipTests
#49 CACHED

#50 [gateway-service stage-1 4/4] COPY --from=builder /app/target/*.jar app.jar
#50 CACHED

#51 [upload-service] exporting to image
#51 exporting layers 0.0s done
#51 exporting manifest sha256:d03636b802b449502753c62af00fd4a7af89cbfa7e7364470743662766aaabee done
#51 exporting config sha256:2ab5c09bf7e605a661f361faba38d18b872d8805ff5e8185fc621c617506afaf done
#51 exporting attestation manifest sha256:b6fa8c45776577058cc638ce7e56467df0d73012a2d95a82de4bf600e906e7cb
#51 exporting attestation manifest sha256:b6fa8c45776577058cc638ce7e56467df0d73012a2d95a82de4bf600e906e7cb 0.0s done
#51 exporting manifest list sha256:5e91b10799f2899ab95530a4a9f96ded81d1e5b933307262a855a265dd06ed0f 0.1s done
#51 naming to docker.io/grammarcetamol/upload-service:local 0.0s done
#51 unpacking to docker.io/grammarcetamol/upload-service:local 0.1s done
#51 DONE 0.4s

#52 [payment-service] exporting to image
#52 exporting layers 0.0s done
#52 exporting manifest sha256:cc0fd6553f80628b80612eee10983505f0e017ad6b378e116a7869335c8d4c47 done
#52 exporting config sha256:1196f9239cebeda8cb4cb79b6e91aa7573e12a2121e49c1458f7993c094281b3 0.0s done
#52 exporting attestation manifest sha256:d2790f47ae46e0d1c055dc345536af31b6f8d005944eea8c648bf21b2ac6b7be 0.1s done
#52 exporting manifest list sha256:4b7dd17d65ebb9161c8cbc88cfb82c9f7cf59c17811bc9da15613ecd3bd8231d 0.0s done
#52 naming to docker.io/grammarcetamol/payment-service:local 0.0s done
#52 unpacking to docker.io/grammarcetamol/payment-service:local 0.0s done
#52 ...

#53 [gateway-service] exporting to image
#53 exporting layers 0.0s done
#53 exporting manifest sha256:349653a62b3d66bb5d73d8913d301f74f3eac83a87c86a0eb7566190563690f6 0.0s done
#53 exporting config sha256:893b887a59e7089c1bed2c8cca78718076507e394b020394302496555d0635be 0.0s done
#53 exporting attestation manifest sha256:5377b4203da5adef0dd6a7eeeaa7dbe191036766b6ac6d4a4313d5fd263f5c7b 0.1s done
#53 exporting manifest list sha256:bf690d947a87176bb0752e92dfb861dc5870193a0b9a58e46fed2003a9f74694 0.1s done
#53 naming to docker.io/grammarcetamol/gateway-service:local done
#53 unpacking to docker.io/grammarcetamol/gateway-service:local 0.0s done
#53 DONE 0.5s

#52 [payment-service] exporting to image
#52 DONE 0.5s

#54 [auth-service internal] load build context
#54 ...

#55 [course-service internal] load build context
#55 transferring context: 126.04kB 1.5s done
#55 DONE 1.6s

#56 [enrollment-service internal] load build context
#56 transferring context: 96.13kB 1.5s done
#56 DONE 1.6s

#57 [course-service builder 5/8] RUN mvn -B -f shared-java/pom.xml install -DskipTests
#57 CACHED

#58 [course-service builder 6/8] WORKDIR /app
#58 CACHED

#59 [course-service builder 7/8] COPY course-service/ .
#59 CACHED

#60 [course-service builder 4/8] COPY shared-java/ shared-java/
#60 CACHED

#61 [course-service builder 8/8] RUN mvn -B clean package -DskipTests
#61 CACHED

#19 [notification-service internal] load build context
#19 transferring context: 4.44kB 1.6s done
#19 DONE 1.7s

#62 [course-service stage-1 4/4] COPY --from=builder /app/target/*.jar app.jar
#62 CACHED

#63 [enrollment-service builder 6/8] WORKDIR /app
#63 CACHED

#64 [enrollment-service builder 3/8] WORKDIR /build
#64 CACHED

#45 [enrollment-service builder 2/8] RUN apt-get update && apt-get install -y --no-install-recommends maven     && rm -rf /var/lib/apt/lists/*
#45 CACHED

#65 [enrollment-service builder 4/8] COPY shared-java/ shared-java/
#65 CACHED

#66 [enrollment-service builder 8/8] RUN mvn -B clean package -DskipTests
#66 CACHED

#44 [enrollment-service stage-1 2/4] RUN apt-get update && apt-get install -y --no-install-recommends curl     && rm -rf /var/lib/apt/lists/*
#44 CACHED

#47 [enrollment-service stage-1 3/4] WORKDIR /app
#47 CACHED

#67 [enrollment-service builder 5/8] RUN mvn -B -f shared-java/pom.xml install -DskipTests
#67 CACHED

#68 [enrollment-service builder 7/8] COPY enrollment-service/ .
#68 CACHED

#69 [enrollment-service stage-1 4/4] COPY --from=builder /app/target/*.jar app.jar
#69 CACHED

#54 [auth-service internal] load build context
#54 ...

#40 [notification-service stage-1 2/4] WORKDIR /app
#40 CACHED

#70 [notification-service builder 6/6] RUN npm run build
#70 CACHED

#71 [notification-service builder 3/6] COPY package*.json ./
#71 CACHED

#72 [notification-service builder 4/6] RUN npm ci
#72 CACHED

#73 [notification-service stage-1 4/5] RUN npm ci --omit=dev
#73 CACHED

#74 [notification-service builder 5/6] COPY . .
#74 CACHED

#75 [notification-service stage-1 5/5] COPY --from=builder /app/dist ./dist
#75 CACHED

#54 [auth-service internal] load build context
#54 transferring context: 136.66kB 1.7s done
#54 DONE 1.8s

#76 [auth-service builder 6/6] RUN mvn -B clean package -DskipTests
#76 CACHED

#47 [auth-service stage-1 3/4] WORKDIR /app
#47 CACHED

#77 [auth-service builder 5/6] RUN mkdir -p src/main/resources/keys &&     if [ ! -f src/main/resources/keys/private.pem ]; then       openssl genrsa -out src/main/resources/keys/private.pem 2048 &&       openssl rsa -in src/main/resources/keys/private.pem -pubout -out src/main/resources/keys/public.pem;     fi
#77 CACHED

#44 [auth-service stage-1 2/4] RUN apt-get update && apt-get install -y --no-install-recommends curl     && rm -rf /var/lib/apt/lists/*
#44 CACHED

#78 [auth-service builder 2/6] RUN apt-get update && apt-get install -y --no-install-recommends maven openssl     && rm -rf /var/lib/apt/lists/*
#78 CACHED

#79 [auth-service builder 4/6] COPY auth-service/ .
#79 CACHED

#80 [auth-service builder 3/6] WORKDIR /app
#80 CACHED

#81 [notification-service] exporting to image
#81 exporting layers 0.0s done
#81 exporting manifest sha256:328d8bd9f56cc6b2c30a61e929964d4d1b9ad64b46b45e568786e2bffd88a99d 0.0s done
#81 exporting config sha256:90844123ffd5fe914878fceded816ac18f90d86618bbb9f78a870830f0255201 0.0s done
#81 exporting attestation manifest sha256:479046d690617ee8fae9d16093f27d834e91e1fa7c3f5ccece61c21acefa1898
#81 ...

#82 [auth-service stage-1 4/4] COPY --from=builder /app/target/*.jar app.jar
#82 CACHED

#81 [notification-service] exporting to image
#81 exporting attestation manifest sha256:479046d690617ee8fae9d16093f27d834e91e1fa7c3f5ccece61c21acefa1898 0.1s done
#81 exporting manifest list sha256:78449ed55b0374225e17eef0f5d09ee719954114b2ad243e9af150883638f61d
#81 exporting manifest list sha256:78449ed55b0374225e17eef0f5d09ee719954114b2ad243e9af150883638f61d 0.1s done
#81 naming to docker.io/grammarcetamol/notification-service:local 0.0s done
#81 unpacking to docker.io/grammarcetamol/notification-service:local
#81 ...

#83 [course-service] exporting to image
#83 exporting layers 0.0s done
#83 exporting manifest sha256:a3147d671b2545cee60c3cd73c8f5211bf14824d348a5872e96b946c950f02dd done
#83 exporting config sha256:ad291d6e1143f6dd5e72533ba7278ef8089a576c91f5b333879f9e8edf2f37c7 done
#83 exporting attestation manifest sha256:a0b3f6929c137f782d832180dc511e38ab7cf9f14f360c2e91a83cb10b3306e2 0.2s done
#83 exporting manifest list sha256:da4ea8f95f6c76a00828420de3d7235b3923c1155fddbf93cd366db8ce19f3aa 0.1s done
#83 naming to docker.io/grammarcetamol/course-service:local 0.0s done
#83 unpacking to docker.io/grammarcetamol/course-service:local 0.1s done
#83 DONE 0.5s

#84 [enrollment-service] exporting to image
#84 exporting layers 0.0s done
#84 exporting manifest sha256:c9e691eed8e6ada6cb3767d1365c2dd833d446a38e4621d7a136b6c12697e1ab done
#84 exporting config sha256:02493dba2bd01f6f3495d27df07a61d1bb5a9dd83cde01295ed6fba33bba21f7 0.0s done
#84 exporting attestation manifest sha256:19059bfc1d39dad2d58a8653b9a5e3aabc36d01a273f497fba5c01331c2f5ea0 0.1s done
#84 exporting manifest list sha256:d0b9e5276dc07c27547b85e76eedd2246b776d6627075e68570458ca3ee3fbb4 0.1s done
#84 naming to docker.io/grammarcetamol/enrollment-service:local 0.0s done
#84 unpacking to docker.io/grammarcetamol/enrollment-service:local 0.0s done
#84 DONE 0.5s

#85 [upload-service] resolving provenance for metadata file
#85 DONE 0.1s

#81 [notification-service] exporting to image
#81 unpacking to docker.io/grammarcetamol/notification-service:local 0.1s done
#81 DONE 0.6s

#86 [gateway-service] resolving provenance for metadata file
#86 DONE 0.1s

#87 [payment-service] resolving provenance for metadata file
#87 DONE 0.0s

#88 [review-service internal] load build context
#88 transferring context: 4.92kB 2.2s done
#88 DONE 2.3s

#89 [auth-service] exporting to image
#89 exporting layers done
#89 exporting manifest sha256:231267113e41f4e594cba1056b38639454cab718fb47d2aa92e8dcbd645cbb0c 0.0s done
#89 exporting config sha256:56c731cd51cb9d815331d53676d5de5ff933fb7ffbde4351ba881e7cc0aa79be 0.0s done
#89 exporting attestation manifest sha256:9090dda8b302fff68061f5391979bf4921ff3c33b9e3be0fc994ca8b2eadb6e4 0.1s done
#89 exporting manifest list sha256:148b675d82a675cf6bb83d94ed92f04f314b09be74c036ce8f5854d39b94576d 0.0s done
#89 naming to docker.io/grammarcetamol/auth-service:local 0.0s done
#89 unpacking to docker.io/grammarcetamol/auth-service:local 0.1s done
#89 DONE 0.4s

#90 [review-service builder 4/8] COPY shared-java/ shared-java/
#90 CACHED

#47 [review-service stage-1 3/4] WORKDIR /app
#47 CACHED

#91 [review-service builder 6/8] WORKDIR /app
#91 CACHED

#64 [review-service builder 3/8] WORKDIR /build
#64 CACHED

#92 [review-service builder 5/8] RUN mvn -B -f shared-java/pom.xml install -DskipTests
#92 CACHED

#93 [review-service builder 7/8] COPY review-service/ .
#93 CACHED

#94 [review-service builder 8/8] RUN mvn -B clean package -DskipTests
#94 CACHED

#45 [review-service builder 2/8] RUN apt-get update && apt-get install -y --no-install-recommends maven     && rm -rf /var/lib/apt/lists/*
#45 CACHED

#44 [review-service stage-1 2/4] RUN apt-get update && apt-get install -y --no-install-recommends curl     && rm -rf /var/lib/apt/lists/*
#44 CACHED

#95 [review-service stage-1 4/4] COPY --from=builder /app/target/*.jar app.jar
#95 CACHED

#96 [review-service] exporting to image
#96 exporting layers 0.0s done
#96 exporting manifest sha256:7e883fe35d066edb658b57285df633f82da218e1dcfd7fb34864b8dcf3247717 done
#96 exporting config sha256:2d8fea0081c9af80dc62ec0c8f998fbc7e5ee51862bee837557e1bca04bcc1fb 0.0s done
#96 ...

#17 [student-frontend internal] load build context
#17 transferring context: 8.74kB 2.5s done
#17 DONE 2.5s

#16 [admin-frontend internal] load build context
#16 transferring context: 8.88kB 2.5s done
#16 DONE 2.5s

#96 [review-service] exporting to image
#96 exporting attestation manifest sha256:feb2e65b806253d3872bc93a4d6b4546f4c865738e3038856819f5146a9db7dd 0.0s done
#96 exporting manifest list sha256:50252b4879f3b35fb746c0540e3210468135d0055b5ea3f8eb059bcd1af88041 0.0s done
#96 naming to docker.io/grammarcetamol/review-service:local
#96 naming to docker.io/grammarcetamol/review-service:local done
#96 unpacking to docker.io/grammarcetamol/review-service:local 0.0s done
#96 DONE 0.3s

#97 [student-frontend builder 5/9] WORKDIR /workspace/utilities
#97 CACHED

#98 [student-frontend builder 3/9] COPY utilities/ utilities/
#98 CACHED

#99 [student-frontend builder 7/9] WORKDIR /workspace/student
#99 CACHED

#100 [student-frontend builder 8/9] RUN npm ci
#100 CACHED

#101 [student-frontend builder 6/9] RUN npm ci
#101 CACHED

#102 [student-frontend stage-1 3/4] COPY --from=builder /workspace/student/.next/standalone/student ./
#102 CACHED

#103 [student-frontend builder 9/9] RUN npm run build
#103 CACHED

#104 [student-frontend builder 4/9] COPY student/ student/
#104 CACHED

#105 [admin-frontend builder 6/9] RUN npm ci
#105 CACHED

#106 [admin-frontend builder 9/9] RUN npm run build
#106 CACHED

#107 [admin-frontend builder 4/9] COPY admin/ admin/
#107 CACHED

#108 [admin-frontend builder 8/9] RUN npm ci
#108 CACHED

#109 [admin-frontend builder 7/9] WORKDIR /workspace/admin
#109 CACHED

#110 [admin-frontend stage-1 3/4] COPY --from=builder /workspace/admin/.next/standalone/admin ./
#110 CACHED

#111 [admin-frontend builder 3/9] COPY utilities/ utilities/
#111 CACHED

#112 [admin-frontend builder 2/9] WORKDIR /workspace
#112 CACHED

#40 [admin-frontend stage-1 2/4] WORKDIR /app
#40 CACHED

#113 [admin-frontend builder 5/9] WORKDIR /workspace/utilities
#113 CACHED

#114 [admin-frontend stage-1 4/4] COPY --from=builder /workspace/admin/.next/static ./.next/static
#114 CACHED

#115 [student-frontend stage-1 4/4] COPY --from=builder /workspace/student/.next/static ./.next/static
#115 CACHED

#116 [admin-frontend] exporting to image
#116 exporting layers done
#116 exporting manifest sha256:fff5b6757031f0eda61f3c0cc6136b1bb2da31fb29f50559eabf969b4fd4ed55 done
#116 exporting config sha256:dab2cd1c4fa4deb09e0675a0202a5246acc2826f5964468866afded1a71c154d 0.0s done
#116 exporting attestation manifest sha256:c7183e899bb7faafd8f1bde7b0354c9c75579f3a3bc1d10864692a1ed60d796b
#116 exporting attestation manifest sha256:c7183e899bb7faafd8f1bde7b0354c9c75579f3a3bc1d10864692a1ed60d796b 0.2s done
#116 exporting manifest list sha256:9e70bc4634c4a0e0b94c4d3fa929d7f7b8a5843ffeb1fa4207d00c9f066526c4
#116 exporting manifest list sha256:9e70bc4634c4a0e0b94c4d3fa929d7f7b8a5843ffeb1fa4207d00c9f066526c4 0.1s done
#116 naming to docker.io/grammarcetamol/admin-frontend:local 0.0s done
#116 unpacking to docker.io/grammarcetamol/admin-frontend:local 0.0s done
#116 DONE 0.4s

#117 [student-frontend] exporting to image
#117 exporting layers done
#117 exporting manifest sha256:969ab9fe0f4e3ca7987a6f95f95aadc30c8b7619223a7af2cef1e5e00c970577 done
#117 exporting config sha256:36ad46400eac3248c1c7afe1c0875079e08b817e94a9e72069c5a76bd9e04d40 0.0s done
#117 exporting attestation manifest sha256:5ffa280d04588b3a106cd7cd57f9717edae28adc9d8a1fa9bc45a2238fb10804 0.2s done
#117 exporting manifest list sha256:3dd260b5730924a19e8001ca6a2048e23dc1ad7b2bbed410b449101085677e60 0.0s done
#117 naming to docker.io/grammarcetamol/student-frontend:local done
#117 unpacking to docker.io/grammarcetamol/student-frontend:local 0.0s done
#117 DONE 0.4s

#118 [notification-service] resolving provenance for metadata file
#118 ...

#119 [course-service] resolving provenance for metadata file
#119 DONE 0.6s

#120 [enrollment-service] resolving provenance for metadata file
#120 DONE 0.3s

#121 [review-service] resolving provenance for metadata file
#121 DONE 0.2s

#122 [admin-frontend] resolving provenance for metadata file
#122 DONE 0.1s

#118 [notification-service] resolving provenance for metadata file
#118 DONE 0.3s

#123 [auth-service] resolving provenance for metadata file
#123 DONE 0.1s

#124 [student-frontend] resolving provenance for metadata file
#124 DONE 0.0s
 Image grammarcetamol/course-service:local Built 
 Image grammarcetamol/student-frontend:local Built 
 Image grammarcetamol/notification-service:local Built 
 Image grammarcetamol/upload-service:local Built 
 Image grammarcetamol/admin-frontend:local Built 
 Image grammarcetamol/review-service:local Built 
 Image grammarcetamol/payment-service:local Built 
 Image grammarcetamol/gateway-service:local Built 
 Image grammarcetamol/enrollment-service:local Built 
 Image grammarcetamol/auth-service:local Built 
 Container grammarcetamol-notification-service-1 Running 
 Container grammarcetamol-gateway-service Running 
 Container grammarcetamol-rabbitmq Running 
 Container grammarcetamol-student-frontend Running 
 Container grammarcetamol-course-service-1 Running 
 Container grammarcetamol-auth-service-1 Running 
 Container grammarcetamol-review-service-1 Running 
 Container grammarcetamol-redis Running 
 Container grammarcetamol-enrollment-service-1 Running 
 Container grammarcetamol-mongo Running 
 Container grammarcetamol-postgres Running 
 Container grammarcetamol-payment-service-1 Running 
 Container grammarcetamol-minio Running 
 Container grammarcetamol-upload-service-1 Running 
 Container grammarcetamol-admin-frontend Running 
 Container grammarcetamol-nginx Starting 
 Container grammarcetamol-mongo Waiting 
 Container grammarcetamol-rabbitmq Waiting 
 Container grammarcetamol-certbot Starting 
 Container grammarcetamol-minio Waiting 
 Container grammarcetamol-rabbitmq Waiting 
 Container grammarcetamol-postgres Waiting 
 Container grammarcetamol-postgres Waiting 
 Container grammarcetamol-redis Waiting 
 Container grammarcetamol-postgres Waiting 
 Container grammarcetamol-rabbitmq Waiting 
 Container grammarcetamol-rabbitmq Waiting 
 Container grammarcetamol-postgres Waiting 
 Container grammarcetamol-rabbitmq Waiting 
 Container grammarcetamol-nginx Started 
 Container grammarcetamol-postgres Waiting 
 Container grammarcetamol-postgres Waiting 
 Container grammarcetamol-redis Waiting 
 Container grammarcetamol-rabbitmq Waiting 
 Container grammarcetamol-certbot Started 
 Container grammarcetamol-rabbitmq Healthy 
 Container grammarcetamol-mongo Healthy 
 Container grammarcetamol-minio Healthy 
 Container grammarcetamol-rabbitmq Healthy 
 Container grammarcetamol-postgres Healthy 
 Container grammarcetamol-postgres Healthy 
 Container grammarcetamol-redis Healthy 
 Container grammarcetamol-gateway-service Waiting 
 Container grammarcetamol-rabbitmq Healthy 
 Container grammarcetamol-gateway-service Waiting 
 Container grammarcetamol-rabbitmq Healthy 
 Container grammarcetamol-postgres Healthy 
 Container grammarcetamol-postgres Healthy 
 Container grammarcetamol-postgres Healthy 
 Container grammarcetamol-rabbitmq Healthy 
 Container grammarcetamol-postgres Healthy 
 Container grammarcetamol-redis Healthy 
 Container grammarcetamol-rabbitmq Healthy 
 Container grammarcetamol-gateway-service Healthy 
 Container grammarcetamol-gateway-service Healthy 
Done.
=== 2026-08-12T19:46:32+01:00 ===
Stalled containers found:
grammarcetamol-certbot created
grammarcetamol-nginx created
Running: docker compose up -d
 Image grammarcetamol/notification-service:local Building 
 Image grammarcetamol/enrollment-service:local Building 
 Image grammarcetamol/student-frontend:local Building 
 Image grammarcetamol/payment-service:local Building 
 Image grammarcetamol/review-service:local Building 
 Image grammarcetamol/admin-frontend:local Building 
 Image grammarcetamol/auth-service:local Building 
 Image grammarcetamol/course-service:local Building 
 Image grammarcetamol/gateway-service:local Building 
 Image grammarcetamol/upload-service:local Building 
#1 [internal] load local bake definitions
#1 reading from stdin 5.79kB done
#1 DONE 0.0s

#2 [enrollment-service internal] load build definition from Dockerfile
#2 transferring dockerfile: 30B 0.0s
#2 transferring dockerfile: 783B 0.1s done
#2 DONE 0.1s

#3 [review-service internal] load build definition from Dockerfile
#3 transferring dockerfile: 779B 0.1s done
#3 DONE 0.2s

#4 [gateway-service internal] load build definition from Dockerfile
#4 transferring dockerfile: 537B 0.1s done
#4 DONE 0.3s

#5 [course-service internal] load build definition from Dockerfile
#5 transferring dockerfile: 779B 0.1s done
#5 DONE 0.2s

#6 [auth-service internal] load build definition from Dockerfile
#6 transferring dockerfile: 1.38kB 0.2s done
#6 DONE 0.2s

#7 [notification-service internal] load build definition from Dockerfile
#7 transferring dockerfile: 346B 0.3s done
#7 DONE 0.3s

#8 [auth-service internal] load metadata for docker.io/library/eclipse-temurin:21-jre
#8 ...

#9 [payment-service internal] load build definition from Dockerfile
#9 transferring dockerfile: 515B 0.3s done
#9 DONE 0.4s

#10 [upload-service internal] load build definition from Dockerfile
#10 transferring dockerfile: 514B 0.3s done
#10 DONE 0.4s

#11 [admin-frontend internal] load build definition from Dockerfile
#11 transferring dockerfile: 1.84kB 0.4s done
#11 DONE 0.4s

#12 [student-frontend internal] load build definition from Dockerfile
#12 transferring dockerfile: 1.86kB 0.4s done
#12 DONE 0.4s

#13 [student-frontend internal] load metadata for docker.io/library/node:20-alpine
#13 ...

#14 [review-service internal] load metadata for docker.io/library/eclipse-temurin:21-jdk
#14 DONE 3.0s

#8 [gateway-service internal] load metadata for docker.io/library/eclipse-temurin:21-jre
#8 DONE 3.0s

#15 [review-service internal] load .dockerignore
#15 transferring context: 91B 0.1s done
#15 DONE 0.1s

#16 [auth-service internal] load build context
#16 DONE 0.0s

#17 [enrollment-service internal] load build context
#17 DONE 0.0s

#18 [course-service internal] load build context
#18 DONE 0.0s

#19 [gateway-service internal] load build context
#19 DONE 0.0s

#20 [review-service internal] load build context
#20 DONE 0.0s

#21 [review-service stage-1 1/4] FROM docker.io/library/eclipse-temurin:21-jre@sha256:8cef5fc7bebe421363ab543a2f4db5caf7d119d8db67d56b0f56c485d2de4d55
#21 resolve docker.io/library/eclipse-temurin:21-jre@sha256:8cef5fc7bebe421363ab543a2f4db5caf7d119d8db67d56b0f56c485d2de4d55 0.1s done
#21 DONE 0.1s

#22 [review-service builder 1/8] FROM docker.io/library/eclipse-temurin:21-jdk@sha256:efd34b940f2d5a621605c8531c2afb7759c936b6c2ef637a69aa3bf3e1e789d1
#22 resolve docker.io/library/eclipse-temurin:21-jdk@sha256:efd34b940f2d5a621605c8531c2afb7759c936b6c2ef637a69aa3bf3e1e789d1 0.1s done
#22 resolve docker.io/library/eclipse-temurin:21-jdk@sha256:efd34b940f2d5a621605c8531c2afb7759c936b6c2ef637a69aa3bf3e1e789d1 0.1s done
#22 DONE 0.1s

#17 [enrollment-service internal] load build context
#17 ...

#13 [student-frontend internal] load metadata for docker.io/library/node:20-alpine
#13 DONE 3.5s

#23 [student-frontend internal] load .dockerignore
#23 transferring context: 96B 0.1s done
#23 DONE 0.1s

#24 [student-frontend internal] load build context
#24 DONE 0.0s

#25 [admin-frontend internal] load build context
#25 DONE 0.0s

#26 [admin-frontend builder 1/9] FROM docker.io/library/node:20-alpine@sha256:fb4cd12c85ee03686f6af5362a0b0d56d50c58a04632e6c0fb8363f609372293
#26 resolve docker.io/library/node:20-alpine@sha256:fb4cd12c85ee03686f6af5362a0b0d56d50c58a04632e6c0fb8363f609372293
#26 resolve docker.io/library/node:20-alpine@sha256:fb4cd12c85ee03686f6af5362a0b0d56d50c58a04632e6c0fb8363f609372293 0.1s done
#26 DONE 0.1s

#27 [payment-service internal] load .dockerignore
#27 transferring context: 69B 0.2s done
#27 DONE 0.2s

#24 [student-frontend internal] load build context
#24 ...

#26 [upload-service builder 1/9] FROM docker.io/library/node:20-alpine@sha256:fb4cd12c85ee03686f6af5362a0b0d56d50c58a04632e6c0fb8363f609372293
#26 resolve docker.io/library/node:20-alpine@sha256:fb4cd12c85ee03686f6af5362a0b0d56d50c58a04632e6c0fb8363f609372293 0.1s done
#26 DONE 0.1s

#28 [notification-service internal] load .dockerignore
#28 transferring context: 69B 0.2s done
#28 DONE 0.2s

#29 [upload-service internal] load .dockerignore
#29 transferring context: 69B 0.2s done
#29 DONE 0.2s

#30 [upload-service internal] load build context
#30 ...

#19 [gateway-service internal] load build context
#19 transferring context: 1.94kB 0.9s done
#19 DONE 1.0s

#31 [gateway-service builder 4/5] COPY gateway-service/ .
#31 CACHED

#32 [gateway-service stage-1 3/4] WORKDIR /app
#32 CACHED

#33 [gateway-service builder 3/5] WORKDIR /app
#33 CACHED

#34 [gateway-service builder 5/5] RUN mvn -B clean package -DskipTests
#34 CACHED

#35 [gateway-service stage-1 2/4] RUN apt-get update && apt-get install -y --no-install-recommends curl     && rm -rf /var/lib/apt/lists/*
#35 CACHED

#36 [gateway-service builder 2/8] RUN apt-get update && apt-get install -y --no-install-recommends maven     && rm -rf /var/lib/apt/lists/*
#36 CACHED

#37 [gateway-service stage-1 4/4] COPY --from=builder /app/target/*.jar app.jar
#37 CACHED

#30 [upload-service internal] load build context
#30 ...

#38 [gateway-service] exporting to image
#38 exporting layers done
#38 exporting manifest sha256:349653a62b3d66bb5d73d8913d301f74f3eac83a87c86a0eb7566190563690f6 done
#38 exporting config sha256:893b887a59e7089c1bed2c8cca78718076507e394b020394302496555d0635be done
#38 exporting attestation manifest sha256:50c7ffb3f197afdaf0dcae1fb036b48092838fe4d7c132b1b65fc8563b2e1ae5 0.0s done
#38 exporting manifest list sha256:9a0a134c0cf63814f06173c887c426c20b0eb92aaa2c28605b70d4521229db75 0.0s done
#38 naming to docker.io/grammarcetamol/gateway-service:local done
#38 unpacking to docker.io/grammarcetamol/gateway-service:local 0.0s done
#38 DONE 0.2s

#30 [upload-service internal] load build context
#30 ...

#39 [gateway-service] resolving provenance for metadata file
#39 DONE 0.0s

#30 [upload-service internal] load build context
#30 ...

#20 [review-service internal] load build context
#20 transferring context: 49.93kB 1.6s done
#20 DONE 1.6s

#18 [course-service internal] load build context
#18 transferring context: 126.04kB 1.6s done
#18 DONE 1.6s

#30 [upload-service internal] load build context
#30 transferring context: 2.03kB 1.0s done
#30 DONE 1.0s

#40 [course-service builder 7/8] COPY course-service/ .
#40 CACHED

#41 [course-service builder 4/8] COPY shared-java/ shared-java/
#41 CACHED

#42 [course-service builder 5/8] RUN mvn -B -f shared-java/pom.xml install -DskipTests
#42 CACHED

#43 [course-service builder 6/8] WORKDIR /app
#43 CACHED

#44 [course-service builder 8/8] RUN mvn -B clean package -DskipTests
#44 CACHED

#45 [course-service stage-1 4/4] COPY --from=builder /app/target/*.jar app.jar
#45 CACHED

#35 [review-service stage-1 2/4] RUN apt-get update && apt-get install -y --no-install-recommends curl     && rm -rf /var/lib/apt/lists/*
#35 CACHED

#46 [review-service builder 5/8] RUN mvn -B -f shared-java/pom.xml install -DskipTests
#46 CACHED

#36 [review-service builder 2/8] RUN apt-get update && apt-get install -y --no-install-recommends maven     && rm -rf /var/lib/apt/lists/*
#36 CACHED

#47 [review-service builder 8/8] RUN mvn -B clean package -DskipTests
#47 CACHED

#48 [review-service builder 7/8] COPY review-service/ .
#48 CACHED

#32 [review-service stage-1 3/4] WORKDIR /app
#32 CACHED

#49 [review-service builder 4/8] COPY shared-java/ shared-java/
#49 CACHED

#50 [review-service builder 6/8] WORKDIR /app
#50 CACHED

#51 [review-service builder 3/8] WORKDIR /build
#51 CACHED

#52 [review-service stage-1 4/4] COPY --from=builder /app/target/*.jar app.jar
#52 CACHED

#53 [upload-service stage-1 4/6] RUN npm ci --omit=dev
#53 CACHED

#54 [upload-service builder 6/6] RUN npm run build
#54 CACHED

#55 [upload-service stage-1 5/6] COPY --from=builder /app/dist ./dist
#55 CACHED

#56 [upload-service builder 5/6] COPY . .
#56 CACHED

#57 [upload-service builder 4/6] RUN npm ci
#57 CACHED

#58 [upload-service builder 3/6] COPY package*.json ./
#58 CACHED

#59 [upload-service stage-1 6/6] COPY db/ ./db/
#59 CACHED

#60 [payment-service internal] load build context
#60 transferring context: 2.24kB 1.0s done
#60 DONE 1.0s

#61 [payment-service builder 6/6] RUN npm run build
#61 CACHED

#62 [payment-service stage-1 5/6] COPY --from=builder /app/dist ./dist
#62 CACHED

#63 [payment-service builder 5/6] COPY . .
#63 CACHED

#64 [payment-service stage-1 4/6] RUN npm ci --omit=dev
#64 CACHED

#65 [payment-service stage-1 2/4] WORKDIR /app
#65 CACHED

#66 [payment-service builder 3/6] COPY package*.json ./
#66 CACHED

#67 [payment-service builder 4/6] RUN npm ci
#67 CACHED

#68 [payment-service stage-1 6/6] COPY db/ ./db/
#68 CACHED

#69 [course-service] exporting to image
#69 exporting layers done
#69 exporting manifest sha256:a3147d671b2545cee60c3cd73c8f5211bf14824d348a5872e96b946c950f02dd done
#69 exporting config sha256:ad291d6e1143f6dd5e72533ba7278ef8089a576c91f5b333879f9e8edf2f37c7 done
#69 exporting attestation manifest sha256:41e6364c3e47e18a5a0a6a6d1c3075e8edf3988b24436370e4d560d45b598a1f
#69 ...

#16 [auth-service internal] load build context
#16 transferring context: 136.66kB 1.8s done
#16 DONE 1.8s

#70 [auth-service builder 4/6] COPY auth-service/ .
#70 CACHED

#71 [auth-service builder 5/6] RUN mkdir -p src/main/resources/keys &&     if [ ! -f src/main/resources/keys/private.pem ]; then       openssl genrsa -out src/main/resources/keys/private.pem 2048 &&       openssl rsa -in src/main/resources/keys/private.pem -pubout -out src/main/resources/keys/public.pem;     fi
#71 CACHED

#72 [auth-service builder 6/6] RUN mvn -B clean package -DskipTests
#72 CACHED

#73 [auth-service builder 2/6] RUN apt-get update && apt-get install -y --no-install-recommends maven openssl     && rm -rf /var/lib/apt/lists/*
#73 CACHED

#32 [auth-service stage-1 3/4] WORKDIR /app
#32 CACHED

#74 [auth-service builder 3/6] WORKDIR /app
#74 CACHED

#35 [auth-service stage-1 2/4] RUN apt-get update && apt-get install -y --no-install-recommends curl     && rm -rf /var/lib/apt/lists/*
#35 CACHED

#75 [auth-service stage-1 4/4] COPY --from=builder /app/target/*.jar app.jar
#75 CACHED

#69 [course-service] exporting to image
#69 exporting attestation manifest sha256:41e6364c3e47e18a5a0a6a6d1c3075e8edf3988b24436370e4d560d45b598a1f 0.1s done
#69 exporting manifest list sha256:705ed5159f6b54e3a59008edbdd1e23aa812020953b1cbcd351962b5c3c5ba88 0.1s done
#69 naming to docker.io/grammarcetamol/course-service:local 0.0s done
#69 unpacking to docker.io/grammarcetamol/course-service:local 0.1s done
#69 DONE 0.4s

#76 [review-service] exporting to image
#76 exporting layers done
#76 exporting manifest sha256:7e883fe35d066edb658b57285df633f82da218e1dcfd7fb34864b8dcf3247717 0.0s done
#76 exporting config sha256:2d8fea0081c9af80dc62ec0c8f998fbc7e5ee51862bee837557e1bca04bcc1fb 0.0s done
#76 exporting attestation manifest sha256:164387148fd5b30f53c3657d74378aea2a279249ed8f3d383c0e982ec8af6358 0.1s done
#76 exporting manifest list sha256:fb47ec8af8472c63d63a22a229310661f9c91314ab8e37b11ee340379b45deb9 0.1s done
#76 naming to docker.io/grammarcetamol/review-service:local 0.0s done
#76 unpacking to docker.io/grammarcetamol/review-service:local 0.0s done
#76 DONE 0.4s

#77 [auth-service] exporting to image
#77 exporting layers done
#77 exporting manifest sha256:231267113e41f4e594cba1056b38639454cab718fb47d2aa92e8dcbd645cbb0c 0.0s done
#77 exporting config sha256:56c731cd51cb9d815331d53676d5de5ff933fb7ffbde4351ba881e7cc0aa79be 0.0s done
#77 exporting attestation manifest sha256:501fa2a0f2a6e09f6ded634f32372b3d6dd796599923f56e653bb0f8a6e00459 0.0s done
#77 exporting manifest list sha256:32aa954ca4c4933d1bd8c522ee8ca5813b67b52d1b4669f73e8ae11296e3eeab
#77 ...

#78 [upload-service] exporting to image
#78 exporting layers 0.0s done
#78 exporting manifest sha256:d03636b802b449502753c62af00fd4a7af89cbfa7e7364470743662766aaabee 0.0s done
#78 exporting config sha256:2ab5c09bf7e605a661f361faba38d18b872d8805ff5e8185fc621c617506afaf 0.0s done
#78 exporting attestation manifest sha256:66e93c93442da8c2e0b14cd0aa2c50deb237c21854178ff5c9b4bbf1fc0b19d6 0.1s done
#78 exporting manifest list sha256:4c49f3952826eef7dbdd4d8b2b07c0f94894a3315afa52e958e233e820c7737e 0.1s done
#78 naming to docker.io/grammarcetamol/upload-service:local 0.0s done
#78 unpacking to docker.io/grammarcetamol/upload-service:local 0.0s done
#78 DONE 0.4s

#79 [payment-service] exporting to image
#79 exporting layers 0.0s done
#79 exporting manifest sha256:cc0fd6553f80628b80612eee10983505f0e017ad6b378e116a7869335c8d4c47 0.0s done
#79 exporting config sha256:1196f9239cebeda8cb4cb79b6e91aa7573e12a2121e49c1458f7993c094281b3 0.0s done
#79 exporting attestation manifest sha256:d4a419e09cd3bf786a339982ec8a545a3654533ade00828f4d3965fde219e99d 0.1s done
#79 exporting manifest list sha256:e2bd745cd8a615dda010f47328bab49b32da41a310c87e77c1f7bcd90309ea8e 0.1s done
#79 naming to docker.io/grammarcetamol/payment-service:local 0.0s done
#79 unpacking to docker.io/grammarcetamol/payment-service:local 0.0s done
#79 DONE 0.4s

#77 [auth-service] exporting to image
#77 exporting manifest list sha256:32aa954ca4c4933d1bd8c522ee8ca5813b67b52d1b4669f73e8ae11296e3eeab 0.0s done
#77 naming to docker.io/grammarcetamol/auth-service:local 0.0s done
#77 unpacking to docker.io/grammarcetamol/auth-service:local 0.1s done
#77 DONE 0.4s

#80 [notification-service internal] load build context
#80 transferring context: 4.44kB 1.6s done
#80 DONE 1.6s

#65 [notification-service stage-1 2/4] WORKDIR /app
#65 CACHED

#81 [notification-service stage-1 4/5] RUN npm ci --omit=dev
#81 CACHED

#82 [notification-service builder 4/6] RUN npm ci
#82 CACHED

#83 [notification-service builder 6/6] RUN npm run build
#83 CACHED

#84 [notification-service builder 5/6] COPY . .
#84 CACHED

#85 [notification-service builder 3/6] COPY package*.json ./
#85 CACHED

#86 [notification-service stage-1 5/5] COPY --from=builder /app/dist ./dist
#86 CACHED

#87 [notification-service] exporting to image
#87 exporting layers done
#87 exporting manifest sha256:328d8bd9f56cc6b2c30a61e929964d4d1b9ad64b46b45e568786e2bffd88a99d done
#87 exporting config sha256:90844123ffd5fe914878fceded816ac18f90d86618bbb9f78a870830f0255201 done
#87 ...

#17 [enrollment-service internal] load build context
#17 transferring context: 5.70kB 2.3s done
#17 DONE 2.3s

#88 [enrollment-service builder 6/8] WORKDIR /app
#88 CACHED

#89 [enrollment-service builder 7/8] COPY enrollment-service/ .
#89 CACHED

#90 [enrollment-service builder 5/8] RUN mvn -B -f shared-java/pom.xml install -DskipTests
#90 CACHED

#32 [enrollment-service stage-1 3/4] WORKDIR /app
#32 CACHED

#36 [enrollment-service builder 2/8] RUN apt-get update && apt-get install -y --no-install-recommends maven     && rm -rf /var/lib/apt/lists/*
#36 CACHED

#51 [enrollment-service builder 3/8] WORKDIR /build
#51 CACHED

#91 [enrollment-service builder 8/8] RUN mvn -B clean package -DskipTests
#91 CACHED

#92 [enrollment-service builder 4/8] COPY shared-java/ shared-java/
#92 CACHED

#35 [enrollment-service stage-1 2/4] RUN apt-get update && apt-get install -y --no-install-recommends curl     && rm -rf /var/lib/apt/lists/*
#35 CACHED

#93 [enrollment-service stage-1 4/4] COPY --from=builder /app/target/*.jar app.jar
#93 CACHED

#87 [notification-service] exporting to image
#87 exporting attestation manifest sha256:4a37068f01e7d66c09e0107c9bcf366012fce8fdb61433dfd0f67363b2720720 0.1s done
#87 exporting manifest list sha256:7ed399e79dba833e4f4a5012b7213ff02e4cdc6f6f223f8aa659700c040b9ad6
#87 exporting manifest list sha256:7ed399e79dba833e4f4a5012b7213ff02e4cdc6f6f223f8aa659700c040b9ad6 0.0s done
#87 naming to docker.io/grammarcetamol/notification-service:local 0.0s done
#87 unpacking to docker.io/grammarcetamol/notification-service:local 0.0s done
#87 DONE 0.3s

#94 [review-service] resolving provenance for metadata file
#94 ...

#95 [enrollment-service] exporting to image
#95 exporting layers done
#95 exporting manifest sha256:c9e691eed8e6ada6cb3767d1365c2dd833d446a38e4621d7a136b6c12697e1ab 0.0s done
#95 exporting config sha256:02493dba2bd01f6f3495d27df07a61d1bb5a9dd83cde01295ed6fba33bba21f7 0.0s done
#95 exporting attestation manifest sha256:42b3129b3c2cb6427d385ea067c8630ba4317b1d8a129e11326919a7c5511949 0.0s done
#95 exporting manifest list sha256:83333962d8ed2c8262185873d6ff182789eae7516659de20223ba3eee39d522d 0.0s done
#95 naming to docker.io/grammarcetamol/enrollment-service:local done
#95 unpacking to docker.io/grammarcetamol/enrollment-service:local 0.0s done
#95 DONE 0.2s

#25 [admin-frontend internal] load build context
#25 transferring context: 8.88kB 2.2s done
#25 DONE 2.2s

#96 [admin-frontend builder 8/9] RUN npm ci
#96 CACHED

#97 [admin-frontend builder 7/9] WORKDIR /workspace/admin
#97 CACHED

#98 [admin-frontend builder 4/9] COPY admin/ admin/
#98 CACHED

#99 [admin-frontend builder 9/9] RUN npm run build
#99 CACHED

#100 [admin-frontend builder 2/9] WORKDIR /workspace
#100 CACHED

#101 [admin-frontend builder 6/9] RUN npm ci
#101 CACHED

#65 [admin-frontend stage-1 2/4] WORKDIR /app
#65 CACHED

#102 [admin-frontend builder 3/9] COPY utilities/ utilities/
#102 CACHED

#103 [admin-frontend stage-1 3/4] COPY --from=builder /workspace/admin/.next/standalone/admin ./
#103 CACHED

#104 [admin-frontend builder 5/9] WORKDIR /workspace/utilities
#104 CACHED

#105 [admin-frontend stage-1 4/4] COPY --from=builder /workspace/admin/.next/static ./.next/static
#105 CACHED

#24 [student-frontend internal] load build context
#24 transferring context: 8.74kB 2.3s done
#24 DONE 2.3s

#106 [student-frontend stage-1 3/4] COPY --from=builder /workspace/student/.next/standalone/student ./
#106 CACHED

#65 [student-frontend stage-1 2/4] WORKDIR /app
#65 CACHED

#107 [student-frontend builder 9/9] RUN npm run build
#107 CACHED

#108 [student-frontend builder 3/9] COPY utilities/ utilities/
#108 CACHED

#109 [student-frontend builder 6/9] RUN npm ci
#109 CACHED

#110 [student-frontend builder 7/9] WORKDIR /workspace/student
#110 CACHED

#100 [student-frontend builder 2/9] WORKDIR /workspace
#100 CACHED

#111 [student-frontend builder 5/9] WORKDIR /workspace/utilities
#111 CACHED

#112 [student-frontend builder 4/9] COPY student/ student/
#112 CACHED

#113 [student-frontend builder 8/9] RUN npm ci
#113 CACHED

#114 [admin-frontend] exporting to image
#114 exporting layers done
#114 exporting manifest sha256:fff5b6757031f0eda61f3c0cc6136b1bb2da31fb29f50559eabf969b4fd4ed55 done
#114 exporting config sha256:dab2cd1c4fa4deb09e0675a0202a5246acc2826f5964468866afded1a71c154d done
#114 exporting attestation manifest sha256:2a3d9ea33ca112300eb29e2111a6feac8b0a10ebe35b11c63a2c87a21c1232bc 0.0s done
#114 exporting manifest list sha256:4beab13a9b6b67a31cc4d37c360097b70ee57ff36e9e4be7e8ab6b8985e9fd54
#114 exporting manifest list sha256:4beab13a9b6b67a31cc4d37c360097b70ee57ff36e9e4be7e8ab6b8985e9fd54 0.0s done
#114 naming to docker.io/grammarcetamol/admin-frontend:local 0.0s done
#114 unpacking to docker.io/grammarcetamol/admin-frontend:local 0.0s done
#114 DONE 0.2s

#115 [student-frontend stage-1 4/4] COPY --from=builder /workspace/student/.next/static ./.next/static
#115 CACHED

#116 [course-service] resolving provenance for metadata file
#116 DONE 0.6s

#117 [student-frontend] exporting to image
#117 exporting layers done
#117 exporting manifest sha256:969ab9fe0f4e3ca7987a6f95f95aadc30c8b7619223a7af2cef1e5e00c970577 0.0s done
#117 exporting config sha256:36ad46400eac3248c1c7afe1c0875079e08b817e94a9e72069c5a76bd9e04d40 done
#117 exporting attestation manifest sha256:6eb2d45c27d15ca78f40d5d2f1d2ef848763ea5be6d74cb02e4b2c0e50b0b916 0.0s done
#117 exporting manifest list sha256:00a01a4b4462fbccad97215f4d6833eac88486ba533643b88f7e0ad4b50d4b39
#117 exporting manifest list sha256:00a01a4b4462fbccad97215f4d6833eac88486ba533643b88f7e0ad4b50d4b39 0.0s done
#117 naming to docker.io/grammarcetamol/student-frontend:local done
#117 unpacking to docker.io/grammarcetamol/student-frontend:local 0.0s done
#117 DONE 0.2s

#118 [auth-service] resolving provenance for metadata file
#118 ...

#119 [payment-service] resolving provenance for metadata file
#119 DONE 0.7s

#120 [upload-service] resolving provenance for metadata file
#120 DONE 0.9s

#118 [auth-service] resolving provenance for metadata file
#118 DONE 0.6s

#121 [notification-service] resolving provenance for metadata file
#121 DONE 0.4s

#94 [review-service] resolving provenance for metadata file
#94 DONE 1.0s

#122 [enrollment-service] resolving provenance for metadata file
#122 DONE 0.7s

#123 [admin-frontend] resolving provenance for metadata file
#123 DONE 1.0s

#124 [student-frontend] resolving provenance for metadata file
#124 DONE 0.1s
 Image grammarcetamol/gateway-service:local Built 
 Image grammarcetamol/student-frontend:local Built 
 Image grammarcetamol/course-service:local Built 
 Image grammarcetamol/upload-service:local Built 
 Image grammarcetamol/auth-service:local Built 
 Image grammarcetamol/payment-service:local Built 
 Image grammarcetamol/notification-service:local Built 
 Image grammarcetamol/review-service:local Built 
 Image grammarcetamol/admin-frontend:local Built 
 Image grammarcetamol/enrollment-service:local Built 
 Container grammarcetamol-upload-service-1 Running 
 Container grammarcetamol-redis Running 
 Container grammarcetamol-postgres Running 
 Container grammarcetamol-student-frontend Running 
 Container grammarcetamol-notification-service-1 Running 
 Container grammarcetamol-review-service-1 Running 
 Container grammarcetamol-rabbitmq Running 
 Container grammarcetamol-enrollment-service-1 Running 
 Container grammarcetamol-mongo Running 
 Container grammarcetamol-course-service-1 Running 
 Container grammarcetamol-admin-frontend Running 
 Container grammarcetamol-payment-service-1 Running 
 Container grammarcetamol-minio Running 
 Container grammarcetamol-gateway-service Running 
 Container grammarcetamol-auth-service-1 Running 
 Container grammarcetamol-redis Waiting 
 Container grammarcetamol-rabbitmq Waiting 
 Container grammarcetamol-mongo Waiting 
 Container grammarcetamol-rabbitmq Waiting 
 Container grammarcetamol-minio Waiting 
 Container grammarcetamol-postgres Waiting 
 Container grammarcetamol-rabbitmq Waiting 
 Container grammarcetamol-postgres Waiting 
 Container grammarcetamol-redis Waiting 
 Container grammarcetamol-postgres Waiting 
 Container grammarcetamol-rabbitmq Waiting 
 Container grammarcetamol-postgres Waiting 
 Container grammarcetamol-postgres Waiting 
 Container grammarcetamol-rabbitmq Waiting 
 Container grammarcetamol-postgres Waiting 
 Container grammarcetamol-rabbitmq Waiting 
 Container grammarcetamol-rabbitmq Healthy 
 Container grammarcetamol-redis Healthy 
 Container grammarcetamol-gateway-service Waiting 
 Container grammarcetamol-rabbitmq Healthy 
 Container grammarcetamol-mongo Healthy 
 Container grammarcetamol-gateway-service Waiting 
 Container grammarcetamol-minio Healthy 
 Container grammarcetamol-postgres Healthy 
 Container grammarcetamol-rabbitmq Healthy 
 Container grammarcetamol-postgres Healthy 
 Container grammarcetamol-redis Healthy 
 Container grammarcetamol-postgres Healthy 
 Container grammarcetamol-rabbitmq Healthy 
 Container grammarcetamol-postgres Healthy 
 Container grammarcetamol-postgres Healthy 
 Container grammarcetamol-rabbitmq Healthy 
 Container grammarcetamol-postgres Healthy 
 Container grammarcetamol-rabbitmq Healthy 
 Container grammarcetamol-gateway-service Healthy 
 Container grammarcetamol-gateway-service Healthy 
Done.
=== 2026-08-12T21:11:28+01:00 ===
All containers running — nothing to do.
=== 2026-08-12T21:17:27+01:00 ===
All containers running — nothing to do.
=== 2026-08-12T21:23:27+01:00 ===
All containers running — nothing to do.
=== 2026-08-12T21:29:27+01:00 ===
All containers running — nothing to do.
=== 2026-08-12T21:35:27+01:00 ===
All containers running — nothing to do.
=== 2026-08-12T21:41:27+01:00 ===
All containers running — nothing to do.
=== 2026-08-12T21:47:27+01:00 ===
All containers running — nothing to do.
=== 2026-08-12T21:53:27+01:00 ===
All containers running — nothing to do.
=== 2026-08-12T21:59:28+01:00 ===
All containers running — nothing to do.
=== 2026-08-12T22:22:05+01:00 ===
All containers running — nothing to do.
=== 2026-08-12T22:28:05+01:00 ===
All containers running — nothing to do.
=== 2026-08-12T22:34:05+01:00 ===
All containers running — nothing to do.
=== 2026-08-12T22:40:05+01:00 ===
All containers running — nothing to do.
=== 2026-08-12T22:49:09+01:00 ===
All containers running — nothing to do.
=== 2026-08-13T06:41:26+01:00 ===
All containers running — nothing to do.
=== 2026-08-13T06:47:26+01:00 ===
All containers running — nothing to do.
=== 2026-08-13T06:53:44+01:00 ===
All containers running — nothing to do.
=== 2026-08-13T06:59:44+01:00 ===
All containers running — nothing to do.
=== 2026-08-13T07:05:43+01:00 ===
All containers running — nothing to do.
=== 2026-08-13T07:11:43+01:00 ===
All containers running — nothing to do.
